✔ High Country: deliberate progressive access survives adversarial E2E states (1.71944ms)
✔ The Green Road: deliberate progressive access survives adversarial E2E states (0.285489ms)
✔ Budtender: deliberate progressive access survives adversarial E2E states (0.383546ms)
✔ Smoke & Chrome: deliberate progressive access survives adversarial E2E states (0.308694ms)
✔ GP-16.6 keeps every canonical game namespace distinct (0.313701ms)
✔ High Country: core gameplay remains available to a guest with no wallet (1.206591ms)
✔ High Country: disconnected wallet denies optional wallet feature without blocking core (0.19981ms)
✔ High Country: revoked or unlinked wallet denies optional feature safely (0.171277ms)
✔ High Country: unknown feature fails closed (0.421182ms)
✔ High Country: SDK calls are pinned to the canonical game namespace (0.395353ms)
✔ High Country: expired or revoked entitlement result is not converted into access (0.237206ms)
✔ High Country: cross-game poisoned adapter result fails closed (1.013962ms)
✔ High Country: hostile adapter/RPC error propagates without unlocking optional feature (0.39316ms)
✔ The Green Road: core gameplay remains available to a guest with no wallet (0.175344ms)
✔ The Green Road: disconnected wallet denies optional wallet feature without blocking core (0.137556ms)
✔ The Green Road: revoked or unlinked wallet denies optional feature safely (0.433781ms)
✔ The Green Road: unknown feature fails closed (0.082494ms)
✔ The Green Road: SDK calls are pinned to the canonical game namespace (0.165218ms)
✔ The Green Road: expired or revoked entitlement result is not converted into access (0.090085ms)
✔ The Green Road: cross-game poisoned adapter result fails closed (0.049174ms)
✔ The Green Road: hostile adapter/RPC error propagates without unlocking optional feature (0.164407ms)
✔ Budtender: core gameplay remains available to a guest with no wallet (0.101392ms)
✔ Budtender: disconnected wallet denies optional wallet feature without blocking core (0.047181ms)
✔ Budtender: revoked or unlinked wallet denies optional feature safely (0.056094ms)
✔ Budtender: unknown feature fails closed (0.047121ms)
✔ Budtender: SDK calls are pinned to the canonical game namespace (0.087021ms)
✔ Budtender: expired or revoked entitlement result is not converted into access (0.091177ms)
✔ Budtender: cross-game poisoned adapter result fails closed (0.056525ms)
✔ Budtender: hostile adapter/RPC error propagates without unlocking optional feature (0.087441ms)
✔ Smoke & Chrome: core gameplay remains available to a guest with no wallet (0.078358ms)
✔ Smoke & Chrome: disconnected wallet denies optional wallet feature without blocking core (0.04004ms)
✔ Smoke & Chrome: revoked or unlinked wallet denies optional feature safely (0.068794ms)
✔ Smoke & Chrome: unknown feature fails closed (0.048383ms)
✔ Smoke & Chrome: SDK calls are pinned to the canonical game namespace (0.102023ms)
✔ Smoke & Chrome: expired or revoked entitlement result is not converted into access (0.060891ms)
✔ Smoke & Chrome: cross-game poisoned adapter result fails closed (0.04669ms)
✔ Smoke & Chrome: hostile adapter/RPC error propagates without unlocking optional feature (0.072519ms)
✔ shared SDK rejects unknown access requirement instead of guessing (0.111397ms)
✔ wallet requirement does not become core progression when wallet is unavailable (0.076115ms)
✔ all reference games preserve wallet-free core gameplay (1.484458ms)
✔ cloud-save boundary requires registration but not wallet linkage (0.236776ms)
✔ cross-game and ownership features require deliberate wallet boundary (0.22692ms)
✔ reference game namespaces remain distinct (0.160821ms)
✔ shared clients inject only their own game scope (1.037878ms)
✔ registered account can maintain a game-scoped cloud profile without wallet (1.397898ms)
✔ wallet links are isolated per account and game (0.267953ms)
✔ wallet relinking to another account fails closed (0.534182ms)
✔ migration preparation requires a wallet link and stores only commitments (0.372949ms)
✔ duplicate migration preparation is idempotent for the same account game and payload (0.235173ms)
✔ migration replay key remains game scoped (0.262494ms)
✔ migration claim issuance is idempotent for the canonical claim and rejects alternate replay (0.317617ms)
✔ migration consumption is one-way and safely recoverable after duplicate acknowledgement (0.391148ms)
✔ submitted transaction is pending until receipt/finality exists (0.994743ms)
✔ reverted optimistic transaction fails closed (0.152088ms)
✔ short reorg invalidates optimistic ownership state (0.128042ms)
✔ RPC unavailability fails closed (0.115924ms)
✔ chain id mismatch fails closed (0.132849ms)
✔ indexer ahead or behind canonical RPC is rejected (0.174301ms)
✔ duplicate event delivery is non-canonical for state application (0.117426ms)
✔ confirmation threshold transitions pending to finalized (0.110486ms)
✔ resolves only game-scoped profile lookup (2.098309ms)
✔ profile lookup fails closed on adapter scope mismatch (0.510827ms)
✔ entitlement lookup fails closed on wrong profile (0.231548ms)
✔ claim lookup fails closed on wrong target account (0.49298ms)
✔ attestation requires exact source/profile/subject scope (0.804247ms)
✔ missing provenance fails closed (0.286049ms)
✔ high-risk indexed reads require finalized provenance (0.253871ms)
✔ canonical revalidator rejects reorged block hash (0.315453ms)
✔ canonical revalidator rejects non-canonical state (1.537508ms)
✔ canonical finalized high-risk read is accepted (0.414562ms)
✔ high-risk entitlement requires live finality when finalityResolver is configured (2.44508ms)
✔ reorged entitlement is removed from the consumable query path (1.65859ms)
✔ RPC failure and chain mismatch fail closed for claims (0.748914ms)
✔ indexer ahead or behind RPC suppresses attestation consumption (0.35938ms)
✔ insufficient confirmations keep high-risk reads pending (0.184698ms)
✔ finality resolver exceptions fail closed instead of leaking optimistic state (0.336625ms)
✔ standard-risk game/profile reads remain available without live finality hook (0.244537ms)
✔ forbidden query catalogue excludes global player enumeration (0.157586ms)
ℹ tests 78
ℹ suites 0
ℹ pass 78
ℹ fail 0
ℹ cancelled 0
ℹ skipped 0
ℹ todo 0
ℹ duration_ms 124.757036
