Compiling 51 files with Solc 0.8.24
Solc 0.8.24 finished in 10.64s
Compiler run successful!

╭------------------------------+------------------+-------------------+--------------------+---------------------╮
| Contract                     | Runtime Size (B) | Initcode Size (B) | Runtime Margin (B) | Initcode Margin (B) |
+================================================================================================================+
| BonusRegionAccess420         | 2,380            | 2,626             | 22,196             | 46,526              |
|------------------------------+------------------+-------------------+--------------------+---------------------|
| BreedingEngine               | 4,304            | 4,673             | 20,272             | 44,479              |
|------------------------------+------------------+-------------------+--------------------+---------------------|
| CloneRegistry                | 2,392            | 2,696             | 22,184             | 46,456              |
|------------------------------+------------------+-------------------+--------------------+---------------------|
| CultivationEngine            | 4,179            | 4,433             | 20,397             | 44,719              |
|------------------------------+------------------+-------------------+--------------------+---------------------|
| EmergencyState               | 1,433            | 1,596             | 23,143             | 47,556              |
|------------------------------+------------------+-------------------+--------------------+---------------------|
| GenesisRegistry              | 2,016            | 2,201             | 22,560             | 46,951              |
|------------------------------+------------------+-------------------+--------------------+---------------------|
| GenomeRegistry               | 2,841            | 3,087             | 21,735             | 46,065              |
|------------------------------+------------------+-------------------+--------------------+---------------------|
| GrowerProfileRegistry        | 1,728            | 2,035             | 22,848             | 47,117              |
|------------------------------+------------------+-------------------+--------------------+---------------------|
| GuestProfileMigration        | 3,386            | 3,672             | 21,190             | 45,480              |
|------------------------------+------------------+-------------------+--------------------+---------------------|
| HighCountryAccessPolicy      | 698              | 725               | 23,878             | 48,427              |
|------------------------------+------------------+-------------------+--------------------+---------------------|
| HighCountryAuthorization     | 603              | 766               | 23,973             | 48,386              |
|------------------------------+------------------+-------------------+--------------------+---------------------|
| HighCountryCrossGame420      | 2,026            | 2,265             | 22,550             | 46,887              |
|------------------------------+------------------+-------------------+--------------------+---------------------|
| HighCountryGamingBridge420   | 7,233            | 7,671             | 17,343             | 41,481              |
|------------------------------+------------------+-------------------+--------------------+---------------------|
| HighCountryMigration420      | 2,287            | 2,576             | 22,289             | 46,576              |
|------------------------------+------------------+-------------------+--------------------+---------------------|
| HighCountrySessionAccess420  | 2,860            | 3,031             | 21,716             | 46,121              |
|------------------------------+------------------+-------------------+--------------------+---------------------|
| LandRegistry                 | 6,190            | 6,538             | 18,386             | 42,614              |
|------------------------------+------------------+-------------------+--------------------+---------------------|
| ModuleRegistry               | 2,113            | 2,283             | 22,463             | 46,869              |
|------------------------------+------------------+-------------------+--------------------+---------------------|
| MotherRegistry               | 2,967            | 3,214             | 21,609             | 45,938              |
|------------------------------+------------------+-------------------+--------------------+---------------------|
| OptionalCompetitionAccess420 | 2,247            | 2,493             | 22,329             | 46,659              |
|------------------------------+------------------+-------------------+--------------------+---------------------|
| PhenotypeRegistry            | 1,503            | 1,736             | 23,073             | 47,416              |
|------------------------------+------------------+-------------------+--------------------+---------------------|
| PlantRegistry                | 5,024            | 5,366             | 19,552             | 43,786              |
|------------------------------+------------------+-------------------+--------------------+---------------------|
| PublicCultivationAccess      | 3,389            | 3,642             | 21,187             | 45,510              |
|------------------------------+------------------+-------------------+--------------------+---------------------|
| RandomnessCoordinator        | 2,176            | 2,347             | 22,400             | 46,805              |
|------------------------------+------------------+-------------------+--------------------+---------------------|
| RegionRegistry               | 1,702            | 1,934             | 22,874             | 47,218              |
|------------------------------+------------------+-------------------+--------------------+---------------------|
| RulesetRegistry              | 1,264            | 1,428             | 23,312             | 47,724              |
|------------------------------+------------------+-------------------+--------------------+---------------------|
| RulesetRouter                | 946              | 1,177             | 23,630             | 47,975              |
|------------------------------+------------------+-------------------+--------------------+---------------------|
| SeedRegistry                 | 2,148            | 2,387             | 22,428             | 46,765              |
|------------------------------+------------------+-------------------+--------------------+---------------------|
| WorldGenesisReadiness        | 614              | 844               | 23,962             | 48,308              |
╰------------------------------+------------------+-------------------+--------------------+---------------------╯

